// Jest Snapshot v1, https://goo.gl/fbAQLP

exports[`snapshot test 1`] = `
<main
  role="main"
>
  <section
    className="flex flex-column w-80 mw8 vh-100 center pv5"
  >
    <div
      className="flex flex-auto flex-column"
    >
      <div>
        <h3>
          React Checkbox Tree
        </h3>
        <p>
          A react app showcasing a simple checkbox tree component. This project was created using
           
          <a
            href="https://github.com/facebookincubator/create-react-app"
          >
            create-react-app
          </a>
          .
        </p>
      </div>
      <ul
        className="list"
      >
        <li>
          <ul
            className="list"
          >
            <li>
              <label>
                <input
                  checked={false}
                  className="mr2 pointer"
                  onChange={[Function]}
                  type="checkbox"
                />
                Name
              </label>
            </li>
            <li>
              <label>
                <input
                  checked={false}
                  className="mr2 pointer"
                  onChange={[Function]}
                  type="checkbox"
                />
                Age
              </label>
            </li>
            <li>
              <label>
                <input
                  checked={false}
                  className="mr2 pointer"
                  onChange={[Function]}
                  type="checkbox"
                />
                Contact
              </label>
            </li>
            <li>
              <ul
                className="list"
              >
                <li>
                  <label>
                    <input
                      checked={false}
                      className="mr2 pointer"
                      onChange={[Function]}
                      type="checkbox"
                    />
                    Telephone
                  </label>
                </li>
                <li>
                  <ul
                    className="list"
                  >
                    <li>
                      <label>
                        <input
                          checked={false}
                          className="mr2 pointer"
                          onChange={[Function]}
                          type="checkbox"
                        />
                        Home
                      </label>
                    </li>
                    <li>
                      <label>
                        <input
                          checked={false}
                          className="mr2 pointer"
                          onChange={[Function]}
                          type="checkbox"
                        />
                        Work
                      </label>
                    </li>
                  </ul>
                </li>
                <li>
                  <label>
                    <input
                      checked={false}
                      className="mr2 pointer"
                      onChange={[Function]}
                      type="checkbox"
                    />
                    Mobile
                  </label>
                </li>
              </ul>
            </li>
            <li>
              <label>
                <input
                  checked={false}
                  className="mr2 pointer"
                  onChange={[Function]}
                  type="checkbox"
                />
                Address
              </label>
            </li>
            <li>
              <ul
                className="list"
              >
                <li>
                  <label>
                    <input
                      checked={false}
                      className="mr2 pointer"
                      onChange={[Function]}
                      type="checkbox"
                    />
                    House
                  </label>
                </li>
                <li>
                  <label>
                    <input
                      checked={false}
                      className="mr2 pointer"
                      onChange={[Function]}
                      type="checkbox"
                    />
                    Road
                  </label>
                </li>
                <li>
                  <label>
                    <input
                      checked={false}
                      className="mr2 pointer"
                      onChange={[Function]}
                      type="checkbox"
                    />
                    Zip Code
                  </label>
                </li>
              </ul>
            </li>
          </ul>
        </li>
      </ul>
    </div>
    <div
      className="self-center"
    >
      <a
        href="https://github.com/joelgeorgev/react-checkbox-tree"
      >
        <img
          alt="GitHub"
          src="github.svg"
        />
      </a>
    </div>
  </section>
</main>
`;
