// Jest Snapshot v1, https://goo.gl/fbAQLP

exports[`snapshot test 1`] = `
<div
  className="flex flex-column w-80 mw8 vh-100 center pv4"
>
  <div
    className="flex flex-auto flex-column"
  >
    <div>
      <h3>
        React Checkbox Tree
      </h3>
      <p>
        A react app showcasing a simple checkbox tree component. This project was created using 
        <a
          href="https://github.com/facebookincubator/create-react-app"
        >
          create-react-app
        </a>
        .
      </p>
    </div>
    <ul
      className="list"
    >
      <li>
        <input
          checked={false}
          className="pointer"
          onChange={[Function]}
          type="checkbox"
        />
        <label
          className="ml2"
        >
          Name
        </label>
      </li>
      <li>
        <input
          checked={false}
          className="pointer"
          onChange={[Function]}
          type="checkbox"
        />
        <label
          className="ml2"
        >
          Age
        </label>
      </li>
      <li>
        <input
          checked={false}
          className="pointer"
          onChange={[Function]}
          type="checkbox"
        />
        <label
          className="ml2"
        >
          Contact
        </label>
      </li>
      <ul
        className="list"
      >
        <li>
          <input
            checked={false}
            className="pointer"
            onChange={[Function]}
            type="checkbox"
          />
          <label
            className="ml2"
          >
            Telephone
          </label>
        </li>
        <ul
          className="list"
        >
          <li>
            <input
              checked={false}
              className="pointer"
              onChange={[Function]}
              type="checkbox"
            />
            <label
              className="ml2"
            >
              Home
            </label>
          </li>
          <li>
            <input
              checked={false}
              className="pointer"
              onChange={[Function]}
              type="checkbox"
            />
            <label
              className="ml2"
            >
              Work
            </label>
          </li>
        </ul>
        <li>
          <input
            checked={false}
            className="pointer"
            onChange={[Function]}
            type="checkbox"
          />
          <label
            className="ml2"
          >
            Mobile
          </label>
        </li>
      </ul>
      <li>
        <input
          checked={false}
          className="pointer"
          onChange={[Function]}
          type="checkbox"
        />
        <label
          className="ml2"
        >
          Address
        </label>
      </li>
      <ul
        className="list"
      >
        <li>
          <input
            checked={false}
            className="pointer"
            onChange={[Function]}
            type="checkbox"
          />
          <label
            className="ml2"
          >
            House
          </label>
        </li>
        <li>
          <input
            checked={false}
            className="pointer"
            onChange={[Function]}
            type="checkbox"
          />
          <label
            className="ml2"
          >
            Road
          </label>
        </li>
        <li>
          <input
            checked={false}
            className="pointer"
            onChange={[Function]}
            type="checkbox"
          />
          <label
            className="ml2"
          >
            Zip Code
          </label>
        </li>
      </ul>
    </ul>
  </div>
  <div
    className="self-center"
  >
    <a
      href="https://github.com/joelgeorgev/react-checkbox-tree"
    >
      <img
        alt="GitHub"
        src="github.svg"
      />
    </a>
  </div>
</div>
`;
